a[0] == 1: true
a[1] == 2: true
a[2] == 3: true
{5, 10, 20}
{{1, 2, 3}, {4, 5, 6}, {7, 8, 9}}
