0
4
15
14
1
13
14
9
9
16
9
14
2
10
16
0
7
2
9
2
1
12
0
14
6
17
10
2
1
16
