a[-1] == 4: true
a[-2] == 3: true
a[-3] == 2: true
a[-4] == 1: true
